------------------------------------------------------------
Timing Analyzer Summary
------------------------------------------------------------

Type  : Slow 1200mV 85C Model Setup 'rom:opj3|wtime[0]'
Slack : -5.327
TNS   : -36.294

Type  : Slow 1200mV 85C Model Setup 'clk'
Slack : -2.815
TNS   : -50.592

Type  : Slow 1200mV 85C Model Setup 'sw[0]'
Slack : -2.378
TNS   : -10.797

Type  : Slow 1200mV 85C Model Setup 'flip_flop:debouncing_down|q'
Slack : -1.210
TNS   : -6.655

Type  : Slow 1200mV 85C Model Hold 'flip_flop:debouncing_down|q'
Slack : 0.331
TNS   : 0.000

Type  : Slow 1200mV 85C Model Hold 'clk'
Slack : 0.382
TNS   : 0.000

Type  : Slow 1200mV 85C Model Hold 'sw[0]'
Slack : 0.631
TNS   : 0.000

Type  : Slow 1200mV 85C Model Hold 'rom:opj3|wtime[0]'
Slack : 0.903
TNS   : 0.000

Type  : Slow 1200mV 85C Model Minimum Pulse Width 'clk'
Slack : -3.000
TNS   : -34.772

Type  : Slow 1200mV 85C Model Minimum Pulse Width 'sw[0]'
Slack : -3.000
TNS   : -3.000

Type  : Slow 1200mV 85C Model Minimum Pulse Width 'flip_flop:debouncing_down|q'
Slack : -1.222
TNS   : -7.332

Type  : Slow 1200mV 85C Model Minimum Pulse Width 'clock_divider:opj7|clkhz'
Slack : -1.222
TNS   : -2.444

Type  : Slow 1200mV 85C Model Minimum Pulse Width 'rom:opj3|wtime[0]'
Slack : 0.362
TNS   : 0.000

Type  : Slow 1200mV 0C Model Setup 'rom:opj3|wtime[0]'
Slack : -4.805
TNS   : -32.697

Type  : Slow 1200mV 0C Model Setup 'clk'
Slack : -2.497
TNS   : -44.389

Type  : Slow 1200mV 0C Model Setup 'sw[0]'
Slack : -2.041
TNS   : -9.197

Type  : Slow 1200mV 0C Model Setup 'flip_flop:debouncing_down|q'
Slack : -1.023
TNS   : -5.572

Type  : Slow 1200mV 0C Model Hold 'flip_flop:debouncing_down|q'
Slack : 0.300
TNS   : 0.000

Type  : Slow 1200mV 0C Model Hold 'clk'
Slack : 0.349
TNS   : 0.000

Type  : Slow 1200mV 0C Model Hold 'sw[0]'
Slack : 0.573
TNS   : 0.000

Type  : Slow 1200mV 0C Model Hold 'rom:opj3|wtime[0]'
Slack : 0.812
TNS   : 0.000

Type  : Slow 1200mV 0C Model Minimum Pulse Width 'clk'
Slack : -3.000
TNS   : -34.772

Type  : Slow 1200mV 0C Model Minimum Pulse Width 'sw[0]'
Slack : -3.000
TNS   : -3.000

Type  : Slow 1200mV 0C Model Minimum Pulse Width 'flip_flop:debouncing_down|q'
Slack : -1.222
TNS   : -7.332

Type  : Slow 1200mV 0C Model Minimum Pulse Width 'clock_divider:opj7|clkhz'
Slack : -1.222
TNS   : -2.444

Type  : Slow 1200mV 0C Model Minimum Pulse Width 'rom:opj3|wtime[0]'
Slack : 0.436
TNS   : 0.000

Type  : Fast 1200mV 0C Model Setup 'rom:opj3|wtime[0]'
Slack : -2.500
TNS   : -16.938

Type  : Fast 1200mV 0C Model Setup 'clk'
Slack : -0.862
TNS   : -9.786

Type  : Fast 1200mV 0C Model Setup 'sw[0]'
Slack : -0.502
TNS   : -2.045

Type  : Fast 1200mV 0C Model Setup 'flip_flop:debouncing_down|q'
Slack : -0.032
TNS   : -0.160

Type  : Fast 1200mV 0C Model Hold 'flip_flop:debouncing_down|q'
Slack : 0.151
TNS   : 0.000

Type  : Fast 1200mV 0C Model Hold 'clk'
Slack : 0.174
TNS   : 0.000

Type  : Fast 1200mV 0C Model Hold 'sw[0]'
Slack : 0.304
TNS   : 0.000

Type  : Fast 1200mV 0C Model Hold 'rom:opj3|wtime[0]'
Slack : 0.368
TNS   : 0.000

Type  : Fast 1200mV 0C Model Minimum Pulse Width 'clk'
Slack : -3.000
TNS   : -29.884

Type  : Fast 1200mV 0C Model Minimum Pulse Width 'sw[0]'
Slack : -3.000
TNS   : -3.000

Type  : Fast 1200mV 0C Model Minimum Pulse Width 'flip_flop:debouncing_down|q'
Slack : -1.000
TNS   : -6.000

Type  : Fast 1200mV 0C Model Minimum Pulse Width 'clock_divider:opj7|clkhz'
Slack : -1.000
TNS   : -2.000

Type  : Fast 1200mV 0C Model Minimum Pulse Width 'rom:opj3|wtime[0]'
Slack : 0.331
TNS   : 0.000

------------------------------------------------------------
